---
source: crates/htui/tests/backlog.rs
expression: picker
---
Platform · DESKTOP-HTUI · memory · 1 run
 1 Backlog
┌ Backlog (11) ───────────────────────────────────────┐┌ FEAT-1 ───────────────────────────────────┐
│▾ htui (8)                                           ││ Body Runs Graph Docs Notes Prompt Reqs    │
│  ANA-1    done               Data model, box regist…││▸ R-STO-1 addresses v1                     │
│  ANA-2    open               Orchestrator step grap…││  Postgres is the source of truth; the cac…│
│  CLEAN-1  failed             Drop the legacy markdo…││                                           │
│  FEAT-1   in_progress        TUI scaffold           ││                                           │
│  FEAT-2   blocked            Agent driver and chat …││                                           │
│  FEAT-3   queued             Postgres store and cac…││                                           │
│  FIX-1    closed             Terminal left raw afte…││                                           │
│  TOOL-1   awaiting_approval  CI matrix for the thre…││                                           │
│▾ agy (3)                                            ││                                           │
│  ANA-1    done               Prompt assembly survey ││                                           │
│  FEAT-1   open               ACP transport upgrade  ││                                           │
│  FIX-1    open               Session leak on cancel ││                                           │
│                                                     ││                                           │
│                                                     ││                                           │
│                                                     ││                                           │
│                                                     ││                                           │
│                                                     ││                                           │
│                                                     ││                                           │
│                                                     ││                                           │
│                                                     ││                                           │
│                                                     ││                                           │
│                                                     ││  R-ENT-1 must Every item has a stable key…│
│                                                     ││▸ R-ENT-2 later An item may carry a free-f…│
│                                                     ││j/k move · Enter pick · Esc back           │
└─────────────────────────────────────────────────────┘└───────────────────────────────────────────┘
q quit · Tab next tab · Shift+Tab previous tab · 1 select tab · ? help
