---
source: crates/htui/tests/backlog.rs
expression: folded
---
Platform · DESKTOP-HTUI · memory · 1 run
 1 Backlog
┌ Backlog (11) ───────────────────────────────────────┐┌ Detail ───────────────────────────────────┐
│▸ htui (8)                                           ││ Body  Runs  Graph  Documents  Notes  Promp│
│▾ agy (3)                                            ││No item selected.                          │
│  ANA-1    done               Prompt assembly survey ││                                           │
│  FEAT-1   open               ACP transport upgrade  ││                                           │
│  FIX-1    open               Session leak on cancel ││                                           │
│                                                     ││                                           │
│                                                     ││                                           │
│                                                     ││                                           │
│                                                     ││                                           │
│                                                     ││                                           │
│                                                     ││                                           │
│                                                     ││                                           │
│                                                     ││                                           │
│                                                     ││                                           │
│                                                     ││                                           │
│                                                     ││                                           │
│                                                     ││                                           │
│                                                     ││                                           │
│                                                     ││                                           │
│                                                     ││                                           │
│                                                     ││                                           │
│                                                     ││                                           │
│                                                     ││                                           │
│                                                     ││                                           │
│                                                     ││                                           │
└─────────────────────────────────────────────────────┘└───────────────────────────────────────────┘
q quit · Tab next tab · Shift+Tab previous tab · 1 select tab · ? help
