---
source: crates/htui/tests/backlog.rs
expression: frame
---
Platform · DESKTOP-HTUI · memory · 1 run
 1 Backlog
┌ Backlog (11) ───────────────────────────────────────┐┌ ANA-2 ────────────────────────────────────┐
│▾ htui (8)                                           ││ Body Runs Graph Documents Notes Prompt    │
│  ANA-1    done               Data model, box regist…││Orchestrator step graphs and gates         │
│  ANA-2    open               Orchestrator step grap…││ANA-2  ANA  open                           │
│  CLEAN-1  failed             Drop the legacy markdo…││no tags · priority 0 · version 1           │
│  FEAT-1   in_progress        TUI scaffold           ││                                           │
│  FEAT-2   blocked            Agent driver and chat …││No body for this item.                     │
│  FEAT-3   queued             Postgres store and cac…││                                           │
│  FIX-1    closed             Terminal left raw afte…││                                           │
│  TOOL-1   awaiting_approval  CI matrix for the thre…││                                           │
│▾ agy (3)                                            ││                                           │
│  ANA-1    done               Prompt assembly survey ││                                           │
│  FEAT-1   open               ACP transport upgrade  ││                                           │
│  FIX-1    open               Session leak on cancel ││                                           │
│                                                     ││                                           │
│                                                     ││                                           │
│                                                     ││                                           │
│                                                     ││                                           │
│                                                     ││                                           │
│                                                     ││                                           │
│                                                     ││                                           │
│                                                     ││                                           │
│                                                     ││                                           │
│                                                     ││                                           │
│                                                     ││                                           │
│                                                     ││                                           │
└─────────────────────────────────────────────────────┘└───────────────────────────────────────────┘
q quit · Tab next tab · Shift+Tab previous tab · 1 select tab · ? help
