---
source: crates/htui/tests/backlog.rs
expression: harness.render()
---
Platform · DESKTOP-HTUI · memory · 1 run
 1 Backlog
┌ Backlog (11) ───────────────────────────────────────┐┌ FEAT-1 ───────────────────────────────────┐
│▾ htui (8)                                           ││ Body  Runs  Graph  Documents  Notes  Promp│
│  ANA-1    done               Data model, box regist…││  link       item     status               │
│  ANA-2    open               Orchestrator step grap…││→ origin     ANA-1    done                 │
│  CLEAN-1  failed             Drop the legacy markdo…││← blocked_by FEAT-2   blocked              │
│  FEAT-1   in_progress        TUI scaffold           ││← relates    FEAT-3   queued               │
│  FEAT-2   blocked            Agent driver and chat …││                                           │
│  FEAT-3   queued             Postgres store and cac…││                                           │
│  FIX-1    closed             Terminal left raw afte…││                                           │
│  TOOL-1   awaiting_approval  CI matrix for the thre…││                                           │
│▾ agy (3)                                            ││                                           │
│  ANA-1    done               Prompt assembly survey ││                                           │
│  FEAT-1   open               ACP transport upgrade  ││                                           │
│  FIX-1    open               Session leak on cancel ││                                           │
│                                                     ││                                           │
│                                                     ││                                           │
│                                                     ││                                           │
│                                                     ││                                           │
│                                                     ││                                           │
│                                                     ││                                           │
│                                                     ││                                           │
│                                                     ││                                           │
│                                                     ││                                           │
│                                                     ││                                           │
│                                                     ││                                           │
│                                                     ││                                           │
└─────────────────────────────────────────────────────┘└───────────────────────────────────────────┘
q quit · Tab next tab · Shift+Tab previous tab · 1 select tab · ? help
