---
source: crates/htui/tests/chat.rs
expression: opened
---
Graphics · DESKTOP-HTUI · memory · 0 runs
 1 Chat
┌ Chat ────────────────────────────────────────────────────────────────────────────────────────────┐
│replay · step …00000d00 · 2 rows · read-only · Esc leave                                          │
│you  clean the build                                                                              │
│permission  waiting on you (1 options)                                                            │
│                                                                                                  │
│                                                                                                  │
│                                                                                                  │
│                                                                                                  │
│                                                                                                  │
│                                                                                                  │
│                                                                                                  │
│                                                                                                  │
│                                                                                                  │
│                                                                                                  │
│                                                                                                  │
│                                                                                                  │
│                                                                                                  │
│                                                                                                  │
│                                                                                                  │
│                                                                                                  │
│                                                                                                  │
│                                                                                                  │
│                                                                                                  │
│                                                                                                  │
│                                                                                                  │
│Esc leave replay · t thoughts · j/k scroll                                                        │
└──────────────────────────────────────────────────────────────────────────────────────────────────┘
q quit · Tab next tab · Shift+Tab previous tab · 1 select tab · ? help
