---
source: crates/htui/tests/chat.rs
expression: harness.render()
---
Graphics · DESKTOP-HTUI · memory · 0 runs
 1 Chat
┌ Chat ────────────────────────────────────────────────────────────────────────────────────────────┐
│scripted · sonnet · Vulkan Tutorials · session fake-<session>          │
│you  clean the build                                                                              │
│execute rm -rf build  […]                                                                         │
│permission  waiting on you (2 options)                                                            │
│                                                                                                  │
│                                                                                                  │
│                                                                                                  │
│                                                                                                  │
│                                                                                                  │
│                                                                                                  │
│                                                                                                  │
│                                                                                                  │
│                                                                                                  │
│                                                                                                  │
│                                                                                                  │
│                                                                                                  │
│                                                                                                  │
│                                                                                                  │
│                                                                                                  │
│                                                                                                  │
│                                                                                                  │
│                                                                                                  │
│                                                                                                  │
│answer  [1] Allow once  [2] Reject                                                                │
│1-9 answer · i compose · t thoughts                                                               │
└──────────────────────────────────────────────────────────────────────────────────────────────────┘
q quit · Tab next tab · Shift+Tab previous tab · 1 select tab · ? help
