---
source: crates/htui/tests/chat.rs
expression: harness.render()
---
Graphics · DESKTOP-HTUI · memory · 0 runs
 1 Chat
┌ Chat ────────────────────────────────────────────────────────────────────────────────────────────┐
│scripted · sonnet · Vulkan Tutorials · session fake-<session>          │
│you  hello                                                                                        │
│done thinking                                                                                     │
│— turn ended (end_turn) —                                                                         │
│                                                                                                  │
│                                                                                                  │
│                                                                                                  │
│                                                                                                  │
│                                                                                                  │
│                                                                                                  │
│                                                                                                  │
│                                                                                                  │
│                                                                                                  │
│                                                                                                  │
│                                                                                                  │
│                                                                                                  │
│                                                                                                  │
│                                                                                                  │
│                                                                                                  │
│                                                                                                  │
│                                                                                                  │
│                                                                                                  │
│                                                                                                  │
│                                                                                                  │
│this chat has ended · i compose                                                                   │
└──────────────────────────────────────────────────────────────────────────────────────────────────┘
q quit · Tab next tab · Shift+Tab previous tab · 1 select tab · ? help
