---
source: crates/htui/tests/connection.rs
expression: frame
---
  Status         offline · 0s · last dial 10:20:00: failed: connection refused
  DSN            stored — postgres://htui@db.example:5432/htui · sslmode=require
  Mirror         0f1e2d3c4b5a · built 2026-09-15 09:30 · last full refresh 2026-09-15 10:15 · schema
                 3
  Rebuild cache  press Enter or R






















DSN: •••••••••••••••••••  (19)
Enter replaces the stored DSN
Enter store · Esc cancel · typed text is never shown
