---
source: crates/htui/tests/kinds.rs
expression: frame
---
no workspace · no box · memory · 0 runs
 1 Settings
┌ Settings ────────────────────────────────────────────────────────────────────────────────────────┐
│ Agents  Hierarchy  Kinds                                                                         │
│no project in scope                                                                               │
│                                                                                                  │
│                                                                                                  │
│                                                                                                  │
│                                                                                                  │
│                                                                                                  │
│                                                                                                  │
│                                                                                                  │
│                                                                                                  │
│                                                                                                  │
│                                                                                                  │
│                                                                                                  │
│                                                                                                  │
│                                                                                                  │
│                                                                                                  │
│                                                                                                  │
│                                                                                                  │
│                                                                                                  │
│                                                                                                  │
│                                                                                                  │
│                                                                                                  │
│                                                                                                  │
│                                                                                                  │
│r reload                                                                                          │
└──────────────────────────────────────────────────────────────────────────────────────────────────┘
q quit · Tab next tab · Shift+Tab previous tab · 1 select tab · ? help
