---
source: crates/htui/tests/probe.rs
expression: probed
---
Graphics · DESKTOP-HTUI · memory · 0 runs
 1 Settings
┌ Settings ────────────────────────────────────────────────────────────────────────────────────────┐
│ Agents                                                                                           │
│name     transport billing      models default               enabled quota         on this box    │
│agy      acp       subscription 11     gemini-3.7-flash-high yes     —             missing        │
│claude   acp       subscription 0      —                     yes     —             missing        │
│claude-c cli       subscription 0      —                     yes     —             missing        │
│                                                                                                  │
│                                                                                                  │
│                                                                                                  │
│                                                                                                  │
│                                                                                                  │
│                                                                                                  │
│                                                                                                  │
│                                                                                                  │
│                                                                                                  │
│                                                                                                  │
│                                                                                                  │
│                                                                                                  │
│                                                                                                  │
│                                                                                                  │
│                                                                                                  │
│                                                                                                  │
│                                                                                                  │
│                                                                                                  │
│                                                                                                  │
│j/k select · r probe · i install · a authenticate · quota latches per chat, r cannot refresh it   │
└──────────────────────────────────────────────────────────────────────────────────────────────────┘
q quit · Tab next tab · Shift+Tab previous tab · 1 select tab · ? help
