---
source: crates/htui/tests/replay.rs
expression: harness.render()
---
Platform · DESKTOP-HTUI · memory · 1 run
 1 Backlog
┌ Backlog (11) ───────────────────────────────────────┐┌ FEAT-1 ───────────────────────────────────┐
│▾ htui (8)                                           ││ Body  Runs  Graph  Documents  Notes       │
│  ANA-1    done               Data model, box regist…││kind   status    box          started      │
│  ANA-2    open               Orchestrator step grap…││mode                          finished     │
│  CLEAN-1  failed             Drop the legacy markdo…││graph  done      DESKTOP-HTUI 09-02 08:00  │
│  FEAT-1   in_progress        TUI scaffold           ││manual                        09-02 12:00  │
│  FEAT-2   blocked            Agent driver and chat …││  0    done      prd          09-02 08:00  │
│  FEAT-3   queued             Postgres store and cac…││▸ 1    done      plan         09-02 09:00  │
│  FIX-1    closed             Terminal left raw afte…││  2    done      implement    09-02 10:00  │
│  TOOL-1   awaiting_approval  CI matrix for the thre…││                 ~36k !                    │
│▾ agy (3)                                            ││  3    done      review       09-02 11:00  │
│  ANA-1    done               Prompt assembly survey ││                                           │
│  FEAT-1   open               ACP transport upgrade  ││                                           │
│  FIX-1    open               Session leak on cancel ││                                           │
│                                                     ││                                           │
│                                                     ││                                           │
│                                                     ││                                           │
│                                                     ││                                           │
│                                                     ││                                           │
│                                                     ││                                           │
│                                                     ││                                           │
│                                                     ││                                           │
│                                                     ││                                           │
│                                                     ││                                           │
│                                                     ││                                           │
│                                                     ││                                           │
└─────────────────────────────────────────────────────┘└───────────────────────────────────────────┘
q quit · Tab next tab · Shift+Tab previous tab · 1 select tab · ? help
