---
source: crates/htui/tests/settings.rs
expression: frame
---
Graphics · DESKTOP-HTUI · memory · 0 runs
 1 Settings
┌ Settings ────────────────────────────────────────────────────────────────────────────────────────┐
│ Agents                                                                                           │
│name         transport billing      models default   enabled on this box                          │
│agy          acp       subscription 0      —         yes     not probed                           │
│claude       acp       subscription 0      —         yes     not probed                           │
│kappa        acp       subscription 0      k1        yes     not probed                           │
│                                                                                                  │
│                                                                                                  │
│                                                                                                  │
│                                                                                                  │
│                                                                                                  │
│                                                                                                  │
│                                                                                                  │
│                                                                                                  │
│                                                                                                  │
│                                                                                                  │
│                                                                                                  │
│                                                                                                  │
│                                                                                                  │
│                                                                                                  │
│                                                                                                  │
│                                                                                                  │
│                                                                                                  │
│                                                                                                  │
│                                                                                                  │
│j/k select · r probe · i install · a authenticate                                                 │
└──────────────────────────────────────────────────────────────────────────────────────────────────┘
q quit · Tab next tab · Shift+Tab previous tab · 1 select tab · ? help
