---
source: crates/htui/tests/shell.rs
expression: frame
---
no workspace · no box · memory · 0 runs
 1 Skills  2 Settings
┌ Skills ──────────────────────────────────────────────────────────────────────────────────────────┐
│Skill registry and capability tags arrive with MOD-12.                                            │
│                                                                                                  │
│                                                                                                  │
│                                                                                                  │
│                                                                                                  │
│                                                                                                  │
│                                                                                                  │
│                                                                                                  │
│                                                                                                  │
│                                                                                                  │
│                       ┌ Workspaces ───────────────────────────────────────┐                      │
│                       │  no workspaces — creating one arrives with MOD-15 │                      │
│                       │                                                   │                      │
│                       │  j/k move · Enter switch · Esc close              │                      │
│                       └───────────────────────────────────────────────────┘                      │
│                                                                                                  │
│                                                                                                  │
│                                                                                                  │
│                                                                                                  │
│                                                                                                  │
│                                                                                                  │
│                                                                                                  │
│                                                                                                  │
│                                                                                                  │
│                                                                                                  │
└──────────────────────────────────────────────────────────────────────────────────────────────────┘
q quit · Tab next tab · Shift+Tab previous tab · 1 select tab · ? help
