---
source: crates/htui/tests/skills.rs
expression: frame
---
Graphics · DESKTOP-HTUI · memory · 0 working · 0 waiting
 1 Backlog  2 Skills  3 Requirements  4 Settings  5 Chat
 Skills │ Templates
┌ Skills ──────────────────────┐┌ diff v1 → v2 ────────────────────────────────────────────────────┐
│  rust-style             v2   ││--- rust-style v1                                                 │
│  tests                  v1   ││+++ rust-style v2                                                 │
│                              ││@@ -1 +1 @@                                                       │
│                              ││-Prefer `expect` with a reason.                                   │
│                              ││\ No newline at end of file                                       │
│                              ││+Prefer `expect` with a reason. One error enum per crate.         │
│                              ││\ No newline at end of file                                       │
│                              ││                                                                  │
│                              ││                                                                  │
│                              ││                                                                  │
│                              ││                                                                  │
│                              ││                                                                  │
│                              ││                                                                  │
│                              ││                                                                  │
│                              ││                                                                  │
│                              ││                                                                  │
│                              ││                                                                  │
│                              ││                                                                  │
│                              ││                                                                  │
│                              ││                                                                  │
│                              ││                                                                  │
│                              ││                                                                  │
└──────────────────────────────┘└──────────────────────────────────────────────────────────────────┘

 j/k · ,/. version · b base · d diff · e edit · E $EDITOR · n new · I import · i info · a attach
q quit · Tab next tab · Shift+Tab previous tab · 1 select tab · ? help · w workspaces · Ctrl+f find
