---
source: crates/htui/tests/skills.rs
expression: frame
---
Graphics · DESKTOP-HTUI · memory · 0 runs
 1 Backlog  2 Skills  3 Settings  4 Chat
 Skills │ Templates
┌ Skills ──────────────────────┐┌ rust-style v2 (head v2) · ~42 tokens ────────────────────────────┐
│  rust-style             v2   ││House Rust conventions: no `unwrap` off the test path, one error  │
│  tests                  v1   ││enum per crate                                                    │
│                              ││                                                                  │
│                              ││Prefer `expect` with a reason. One error enum per crate.          │
│                              ││                                                                  │
│                              ││                                                                  │
│                              ││                                                                  │
│                              ││                                                                  │
│                              ││                                                                  │
│                              ││                                                                  │
│                              ││                                                                  │
│                              ││                                                                  │
│                              ││                                                                  │
│                              ││                                                                  │
│                              ││                                                                  │
│                              ││                                                                  │
│                              ││                                                                  │
│                              ││                                                                  │
│                              ││                                                                  │
│                              ││                                                                  │
│                              ││                                                                  │
│                              ││                                                                  │
└──────────────────────────────┘└──────────────────────────────────────────────────────────────────┘

 j/k  ,/. version  b base  d diff  e edit  E $EDITOR  n new  i info  a attach  r reload  h/l view
q quit · Tab next tab · Shift+Tab previous tab · 1 select tab · ? help · w workspaces
