---
source: crates/htui/tests/waiting.rs
expression: frame
---
Platform · DESKTOP-HTUI · memory · 1 working · 3 waiting
 1 Backlog  2 Skills  3 Requirements  4 Settings  5 Chat
┌ Backlog (11) ───────────────────────────────────────┐┌ ANA-1 ────────────────────────────────────┐
│▾ htui (8)                                           ││ Body Runs Graph Docs Notes Prompt Reqs    │
│  ANA-1    done               Data model, box regist…││Data model, box registry and sync topology │
│  ANA-2    open               Orchestrator step grap…││ANA-1  ANA  done                           │
│  CLEAN-1  failed             Drop the legacy markdo…││no tags · priority 0 · version 1           │
│  FEAT-1   in_progress        TUI scaffold           ││                                           │
│  FEAT-2   blocked            Agent driver and chat …││The store seam is the one interface every  │
│  FEAT-3   queued             Postgres store and cac…││other module reaches through, so it is     │
│  FIX-1    closed             Terminal left raw afte…││settled first.                             │
│  TOOL-1   awaiting_approval  CI matrix for the thre…││                                           │
│▾ agy (3)     ┌ Waiting on you ────────────────────────────────────────────────────┐ry box keeps a│
│  ANA-1    don│> ANA-2   prd 0.1  gate        gate                                 │on connect.   │
│  FEAT-1   ope│  ANA-2   prd 0.1  permission  edit: src/lib.rs                     │              │
│  FIX-1    ope│  FEAT-2  —        unblock     blocked, no active run: u reopens it │column, so a  │
│              │                                                                    │its common    │
│              │  j/k move · Enter open · Esc close                                 │              │
│              └────────────────────────────────────────────────────────────────────┘              │
│                                                     ││                                           │
│                                                     ││Item keys are minted from a per-project    │
│                                                     ││counter table, which keeps numbers gapless │
│                                                     ││and lets the                               │
│                                                     ││legacy importer align the counter above the│
│                                                     ││numbers it brings in.                      │
│                                                     ││                                           │
│                                                     ││                                           │
│                                                     ││                                           │
└─────────────────────────────────────────────────────┘└───────────────────────────────────────────┘
q quit · Tab next tab · Shift+Tab previous tab · 1 select tab · ? help · w workspaces · Ctrl+f find
