---
source: crates/htui-mcp/src/tools/box_profile.rs
expression: "serde_json::to_string_pretty(&Value::Object(lists)).expect(\"serialises\")"
---
{
  "fresh chat": [
    {
      "name": "box_profile",
      "description": "Describes the machine this session runs on: its OS, CPU, RAM, GPU and the tools found on it.",
      "inputSchema": {
        "type": "object",
        "additionalProperties": false,
        "title": "BoxProfileArgs"
      }
    }
  ],
  "promoted chat": [
    {
      "name": "box_profile",
      "description": "Describes the machine this session runs on: its OS, CPU, RAM, GPU and the tools found on it.",
      "inputSchema": {
        "type": "object",
        "additionalProperties": false,
        "title": "BoxProfileArgs"
      }
    },
    {
      "name": "document_write",
      "description": "Records this step's output document; each call writes a new version.",
      "inputSchema": {
        "type": "object",
        "additionalProperties": false,
        "properties": {
          "title": {
            "type": [
              "string",
              "null"
            ],
            "description": "The document's title; the output kind when omitted."
          },
          "body": {
            "type": "string",
            "description": "The document's body, in Markdown."
          }
        },
        "required": [
          "body"
        ],
        "title": "DocumentArgs"
      }
    },
    {
      "name": "note_add",
      "description": "Adds a note to this step's item.",
      "inputSchema": {
        "type": "object",
        "additionalProperties": false,
        "properties": {
          "body": {
            "type": "string",
            "description": "The note, at most 16384 bytes."
          }
        },
        "required": [
          "body"
        ],
        "title": "NoteArgs"
      }
    },
    {
      "name": "item_status",
      "description": "Asks a human to move this step's item to a status; writes a note, never the status itself.",
      "inputSchema": {
        "type": "object",
        "additionalProperties": false,
        "properties": {
          "status": {
            "type": "string",
            "enum": [
              "open",
              "queued",
              "in_progress",
              "awaiting_approval",
              "blocked",
              "done",
              "failed",
              "closed"
            ],
            "description": "The status the item should move to."
          },
          "reason": {
            "type": "string",
            "description": "Why: one line a human reads before deciding."
          },
          "resolution": {
            "type": [
              "string",
              "null"
            ],
            "enum": [
              "done",
              "concluded",
              "rejected",
              "withdrawn",
              "superseded",
              "duplicate",
              null
            ],
            "description": "Why the item closed; only with status `closed`.",
            "default": null
          }
        },
        "required": [
          "status",
          "reason"
        ],
        "title": "StatusArgs"
      }
    },
    {
      "name": "item_link",
      "description": "Proposes or withdraws a link from this step's item to another item of its project, named by key.",
      "inputSchema": {
        "type": "object",
        "additionalProperties": false,
        "properties": {
          "op": {
            "type": "string",
            "enum": [
              "add",
              "remove"
            ],
            "description": "`add` proposes the link, `remove` withdraws one this run proposed."
          },
          "to": {
            "type": "string",
            "description": "The other item's key in this project, e.g. `FEAT-12`."
          },
          "kind": {
            "type": "string",
            "enum": [
              "blocked_by",
              "origin",
              "relates",
              "supersedes"
            ],
            "description": "Read `<this item> <kind> <to>`: `blocked_by`, `origin`, `relates` or `supersedes`."
          }
        },
        "required": [
          "op",
          "to",
          "kind"
        ],
        "title": "LinkArgs"
      }
    }
  ],
  "phase step": [
    {
      "name": "box_profile",
      "description": "Describes the machine this session runs on: its OS, CPU, RAM, GPU and the tools found on it.",
      "inputSchema": {
        "type": "object",
        "additionalProperties": false,
        "title": "BoxProfileArgs"
      }
    },
    {
      "name": "document_write",
      "description": "Records this step's output document; each call writes a new version.",
      "inputSchema": {
        "type": "object",
        "additionalProperties": false,
        "properties": {
          "title": {
            "type": [
              "string",
              "null"
            ],
            "description": "The document's title; the output kind when omitted."
          },
          "body": {
            "type": "string",
            "description": "The document's body, in Markdown."
          }
        },
        "required": [
          "body"
        ],
        "title": "DocumentArgs"
      }
    },
    {
      "name": "note_add",
      "description": "Adds a note to this step's item.",
      "inputSchema": {
        "type": "object",
        "additionalProperties": false,
        "properties": {
          "body": {
            "type": "string",
            "description": "The note, at most 16384 bytes."
          }
        },
        "required": [
          "body"
        ],
        "title": "NoteArgs"
      }
    },
    {
      "name": "item_status",
      "description": "Asks a human to move this step's item to a status; writes a note, never the status itself.",
      "inputSchema": {
        "type": "object",
        "additionalProperties": false,
        "properties": {
          "status": {
            "type": "string",
            "enum": [
              "open",
              "queued",
              "in_progress",
              "awaiting_approval",
              "blocked",
              "done",
              "failed",
              "closed"
            ],
            "description": "The status the item should move to."
          },
          "reason": {
            "type": "string",
            "description": "Why: one line a human reads before deciding."
          },
          "resolution": {
            "type": [
              "string",
              "null"
            ],
            "enum": [
              "done",
              "concluded",
              "rejected",
              "withdrawn",
              "superseded",
              "duplicate",
              null
            ],
            "description": "Why the item closed; only with status `closed`.",
            "default": null
          }
        },
        "required": [
          "status",
          "reason"
        ],
        "title": "StatusArgs"
      }
    },
    {
      "name": "item_link",
      "description": "Proposes or withdraws a link from this step's item to another item of its project, named by key.",
      "inputSchema": {
        "type": "object",
        "additionalProperties": false,
        "properties": {
          "op": {
            "type": "string",
            "enum": [
              "add",
              "remove"
            ],
            "description": "`add` proposes the link, `remove` withdraws one this run proposed."
          },
          "to": {
            "type": "string",
            "description": "The other item's key in this project, e.g. `FEAT-12`."
          },
          "kind": {
            "type": "string",
            "enum": [
              "blocked_by",
              "origin",
              "relates",
              "supersedes"
            ],
            "description": "Read `<this item> <kind> <to>`: `blocked_by`, `origin`, `relates` or `supersedes`."
          }
        },
        "required": [
          "op",
          "to",
          "kind"
        ],
        "title": "LinkArgs"
      }
    }
  ],
  "CLI phase step": [
    {
      "name": "box_profile",
      "description": "Describes the machine this session runs on: its OS, CPU, RAM, GPU and the tools found on it.",
      "inputSchema": {
        "type": "object",
        "additionalProperties": false,
        "title": "BoxProfileArgs"
      }
    },
    {
      "name": "document_write",
      "description": "Records this step's output document; each call writes a new version.",
      "inputSchema": {
        "type": "object",
        "additionalProperties": false,
        "properties": {
          "title": {
            "type": [
              "string",
              "null"
            ],
            "description": "The document's title; the output kind when omitted."
          },
          "body": {
            "type": "string",
            "description": "The document's body, in Markdown."
          }
        },
        "required": [
          "body"
        ],
        "title": "DocumentArgs"
      }
    },
    {
      "name": "note_add",
      "description": "Adds a note to this step's item.",
      "inputSchema": {
        "type": "object",
        "additionalProperties": false,
        "properties": {
          "body": {
            "type": "string",
            "description": "The note, at most 16384 bytes."
          }
        },
        "required": [
          "body"
        ],
        "title": "NoteArgs"
      }
    },
    {
      "name": "item_status",
      "description": "Asks a human to move this step's item to a status; writes a note, never the status itself.",
      "inputSchema": {
        "type": "object",
        "additionalProperties": false,
        "properties": {
          "status": {
            "type": "string",
            "enum": [
              "open",
              "queued",
              "in_progress",
              "awaiting_approval",
              "blocked",
              "done",
              "failed",
              "closed"
            ],
            "description": "The status the item should move to."
          },
          "reason": {
            "type": "string",
            "description": "Why: one line a human reads before deciding."
          },
          "resolution": {
            "type": [
              "string",
              "null"
            ],
            "enum": [
              "done",
              "concluded",
              "rejected",
              "withdrawn",
              "superseded",
              "duplicate",
              null
            ],
            "description": "Why the item closed; only with status `closed`.",
            "default": null
          }
        },
        "required": [
          "status",
          "reason"
        ],
        "title": "StatusArgs"
      }
    },
    {
      "name": "item_link",
      "description": "Proposes or withdraws a link from this step's item to another item of its project, named by key.",
      "inputSchema": {
        "type": "object",
        "additionalProperties": false,
        "properties": {
          "op": {
            "type": "string",
            "enum": [
              "add",
              "remove"
            ],
            "description": "`add` proposes the link, `remove` withdraws one this run proposed."
          },
          "to": {
            "type": "string",
            "description": "The other item's key in this project, e.g. `FEAT-12`."
          },
          "kind": {
            "type": "string",
            "enum": [
              "blocked_by",
              "origin",
              "relates",
              "supersedes"
            ],
            "description": "Read `<this item> <kind> <to>`: `blocked_by`, `origin`, `relates` or `supersedes`."
          }
        },
        "required": [
          "op",
          "to",
          "kind"
        ],
        "title": "LinkArgs"
      }
    },
    {
      "name": "permission_prompt",
      "description": "Asks the person driving this session whether a tool may run.",
      "inputSchema": {
        "type": "object",
        "properties": {
          "tool_name": {
            "type": "string",
            "description": "The tool the agent wants to run."
          },
          "input": {
            "description": "The tool's input, verbatim."
          },
          "tool_use_id": {
            "type": [
              "string",
              "null"
            ],
            "description": "The CLI's tool-use id."
          }
        },
        "required": [
          "tool_name",
          "input"
        ]
      }
    }
  ]
}
