---
source: crates/htui/src/ui/overlay/queue.rs
expression: rendered
---











          ┌ Queue ────────────────────────────────────────────────────────────────────────┐
          │  queue: paused · 0/2 slots                                                    │
          │                                                                               │
          │> A-1  t  next to run                                                          │
          │  B-2  t  next to run                                                          │
          │  C-3  t  next to run                                                          │
          │                                                                               │
          │  j/k move · J/K reorder · P pause/resume · Q dequeue · Enter open · Esc close │
          └───────────────────────────────────────────────────────────────────────────────┘
