---
source: crates/htui/src/testkit.rs
expression: harness.render()
---
no workspace · no box · memory · 0 runs
 1 Backlog  2 Skills  3 Settings  4 Chat
┌ Backlog (0) ────────────────────────────────────────┐┌ Detail ───────────────────────────────────┐
│No items in this workspace.                          ││ Body  Runs  Graph  Documents  Notes  Promp│
│                                                     ││No item selected.                          │
│                                                     ││                                           │
│                                                     ││                                           │
│                                                     ││                                           │
│                                                     ││                                           │
│                                                     ││                                           │
│                                                     ││                                           │
│                                                     ││                                           │
│                                                     ││                                           │
│                   ┌ Workspaces ──────────────────────────────────────────────┐                   │
│                   │  no workspaces — `N` in Settings > Hierarchy creates one │                   │
│                   │                                                          │                   │
│                   │  j/k move · Enter switch · Esc close                     │                   │
│                   └──────────────────────────────────────────────────────────┘                   │
│                                                     ││                                           │
│                                                     ││                                           │
│                                                     ││                                           │
│                                                     ││                                           │
│                                                     ││                                           │
│                                                     ││                                           │
│                                                     ││                                           │
│                                                     ││                                           │
│                                                     ││                                           │
│                                                     ││                                           │
└─────────────────────────────────────────────────────┘└───────────────────────────────────────────┘
q quit · Tab next tab · Shift+Tab previous tab · 1 select tab · ? help · w workspaces
